::ffff:127.0.0.1 - - [05/Nov/2019:13:14:21 +0000] "GET /plans HTTP/1.1" 304 - "http://localhost:4200/customers/edit-customer/5dc11a5903bf2803b71b7fce" "Mozilla/5.0 (Windows NT 10.0; Win64; x64; rv:70.0) Gecko/20100101 Firefox/70.0"
::ffff:127.0.0.1 - - [05/Nov/2019:13:14:21 +0000] "GET /packs HTTP/1.1" 304 - "http://localhost:4200/customers/edit-customer/5dc11a5903bf2803b71b7fce" "Mozilla/5.0 (Windows NT 10.0; Win64; x64; rv:70.0) Gecko/20100101 Firefox/70.0"
::ffff:127.0.0.1 - - [05/Nov/2019:13:14:21 +0000] "GET /customers/5dc11a5903bf2803b71b7fce HTTP/1.1" 200 986 "http://localhost:4200/customers/edit-customer/5dc11a5903bf2803b71b7fce" "Mozilla/5.0 (Windows NT 10.0; Win64; x64; rv:70.0) Gecko/20100101 Firefox/70.0"
::ffff:127.0.0.1 - - [05/Nov/2019:13:14:31 +0000] "GET /plans HTTP/1.1" 304 - "http://localhost:4200/customers/edit-customer/5dc11a5903bf2803b71b7fce" "Mozilla/5.0 (Windows NT 10.0; Win64; x64; rv:70.0) Gecko/20100101 Firefox/70.0"
::ffff:127.0.0.1 - - [05/Nov/2019:13:14:31 +0000] "GET /packs HTTP/1.1" 304 - "http://localhost:4200/customers/edit-customer/5dc11a5903bf2803b71b7fce" "Mozilla/5.0 (Windows NT 10.0; Win64; x64; rv:70.0) Gecko/20100101 Firefox/70.0"
::ffff:127.0.0.1 - - [05/Nov/2019:13:14:31 +0000] "GET /customers/5dc11a5903bf2803b71b7fce HTTP/1.1" 200 986 "http://localhost:4200/customers/edit-customer/5dc11a5903bf2803b71b7fce" "Mozilla/5.0 (Windows NT 10.0; Win64; x64; rv:70.0) Gecko/20100101 Firefox/70.0"
::ffff:127.0.0.1 - - [05/Nov/2019:13:14:51 +0000] "GET /plans HTTP/1.1" 304 - "http://localhost:4200/customers/edit-customer/5dc11a5903bf2803b71b7fce" "Mozilla/5.0 (Windows NT 10.0; Win64; x64; rv:70.0) Gecko/20100101 Firefox/70.0"
::ffff:127.0.0.1 - - [05/Nov/2019:13:14:51 +0000] "GET /packs HTTP/1.1" 304 - "http://localhost:4200/customers/edit-customer/5dc11a5903bf2803b71b7fce" "Mozilla/5.0 (Windows NT 10.0; Win64; x64; rv:70.0) Gecko/20100101 Firefox/70.0"
::ffff:127.0.0.1 - - [05/Nov/2019:13:14:51 +0000] "GET /customers/5dc11a5903bf2803b71b7fce HTTP/1.1" 200 986 "http://localhost:4200/customers/edit-customer/5dc11a5903bf2803b71b7fce" "Mozilla/5.0 (Windows NT 10.0; Win64; x64; rv:70.0) Gecko/20100101 Firefox/70.0"
::ffff:127.0.0.1 - - [05/Nov/2019:13:15:11 +0000] "GET /plans HTTP/1.1" 304 - "http://localhost:4200/customers/edit-customer/5dc11a5903bf2803b71b7fce" "Mozilla/5.0 (Windows NT 10.0; Win64; x64; rv:70.0) Gecko/20100101 Firefox/70.0"
::ffff:127.0.0.1 - - [05/Nov/2019:13:15:11 +0000] "GET /packs HTTP/1.1" 304 - "http://localhost:4200/customers/edit-customer/5dc11a5903bf2803b71b7fce" "Mozilla/5.0 (Windows NT 10.0; Win64; x64; rv:70.0) Gecko/20100101 Firefox/70.0"
::ffff:127.0.0.1 - - [05/Nov/2019:13:15:11 +0000] "GET /customers/5dc11a5903bf2803b71b7fce HTTP/1.1" 200 986 "http://localhost:4200/customers/edit-customer/5dc11a5903bf2803b71b7fce" "Mozilla/5.0 (Windows NT 10.0; Win64; x64; rv:70.0) Gecko/20100101 Firefox/70.0"
::ffff:127.0.0.1 - - [05/Nov/2019:13:15:15 +0000] "GET /plans HTTP/1.1" 304 - "http://localhost:4200/customers/edit-customer/5dc11a5903bf2803b71b7fce" "Mozilla/5.0 (Windows NT 10.0; Win64; x64; rv:70.0) Gecko/20100101 Firefox/70.0"
::ffff:127.0.0.1 - - [05/Nov/2019:13:15:15 +0000] "GET /packs HTTP/1.1" 304 - "http://localhost:4200/customers/edit-customer/5dc11a5903bf2803b71b7fce" "Mozilla/5.0 (Windows NT 10.0; Win64; x64; rv:70.0) Gecko/20100101 Firefox/70.0"
::ffff:127.0.0.1 - - [05/Nov/2019:13:15:15 +0000] "GET /customers/5dc11a5903bf2803b71b7fce HTTP/1.1" 200 986 "http://localhost:4200/customers/edit-customer/5dc11a5903bf2803b71b7fce" "Mozilla/5.0 (Windows NT 10.0; Win64; x64; rv:70.0) Gecko/20100101 Firefox/70.0"
::ffff:127.0.0.1 - - [05/Nov/2019:13:16:10 +0000] "GET /plans HTTP/1.1" 200 1683 "http://localhost:4200/customers/edit-customer/5dc11a5903bf2803b71b7fce" "Mozilla/5.0 (Windows NT 10.0; Win64; x64; rv:70.0) Gecko/20100101 Firefox/70.0"
::ffff:127.0.0.1 - - [05/Nov/2019:13:16:10 +0000] "GET /packs HTTP/1.1" 200 1173 "http://localhost:4200/customers/edit-customer/5dc11a5903bf2803b71b7fce" "Mozilla/5.0 (Windows NT 10.0; Win64; x64; rv:70.0) Gecko/20100101 Firefox/70.0"
::ffff:127.0.0.1 - - [05/Nov/2019:13:16:10 +0000] "GET /customers/5dc11a5903bf2803b71b7fce HTTP/1.1" 200 986 "http://localhost:4200/customers/edit-customer/5dc11a5903bf2803b71b7fce" "Mozilla/5.0 (Windows NT 10.0; Win64; x64; rv:70.0) Gecko/20100101 Firefox/70.0"
::ffff:127.0.0.1 - - [05/Nov/2019:13:17:32 +0000] "GET /plans HTTP/1.1" 200 1683 "http://localhost:4200/customers/edit-customer/5dc11a5903bf2803b71b7fce" "Mozilla/5.0 (Windows NT 10.0; Win64; x64; rv:70.0) Gecko/20100101 Firefox/70.0"
::ffff:127.0.0.1 - - [05/Nov/2019:13:17:32 +0000] "GET /packs HTTP/1.1" 200 1173 "http://localhost:4200/customers/edit-customer/5dc11a5903bf2803b71b7fce" "Mozilla/5.0 (Windows NT 10.0; Win64; x64; rv:70.0) Gecko/20100101 Firefox/70.0"
::ffff:127.0.0.1 - - [05/Nov/2019:13:17:32 +0000] "GET /customers/5dc11a5903bf2803b71b7fce HTTP/1.1" 200 986 "http://localhost:4200/customers/edit-customer/5dc11a5903bf2803b71b7fce" "Mozilla/5.0 (Windows NT 10.0; Win64; x64; rv:70.0) Gecko/20100101 Firefox/70.0"
::ffff:127.0.0.1 - - [05/Nov/2019:13:18:47 +0000] "GET /packs HTTP/1.1" 200 1173 "http://localhost:4200/customers/edit-customer/5dc11a5903bf2803b71b7fce" "Mozilla/5.0 (Windows NT 10.0; Win64; x64; rv:70.0) Gecko/20100101 Firefox/70.0"
::ffff:127.0.0.1 - - [05/Nov/2019:13:18:47 +0000] "GET /plans HTTP/1.1" 200 1683 "http://localhost:4200/customers/edit-customer/5dc11a5903bf2803b71b7fce" "Mozilla/5.0 (Windows NT 10.0; Win64; x64; rv:70.0) Gecko/20100101 Firefox/70.0"
::ffff:127.0.0.1 - - [05/Nov/2019:13:18:47 +0000] "GET /customers/5dc11a5903bf2803b71b7fce HTTP/1.1" 200 986 "http://localhost:4200/customers/edit-customer/5dc11a5903bf2803b71b7fce" "Mozilla/5.0 (Windows NT 10.0; Win64; x64; rv:70.0) Gecko/20100101 Firefox/70.0"
::ffff:127.0.0.1 - - [05/Nov/2019:13:18:50 +0000] "GET /plans HTTP/1.1" 304 - "http://localhost:4200/customers/edit-customer/5dc11a5903bf2803b71b7fce" "Mozilla/5.0 (Windows NT 10.0; Win64; x64; rv:70.0) Gecko/20100101 Firefox/70.0"
::ffff:127.0.0.1 - - [05/Nov/2019:13:18:50 +0000] "GET /packs HTTP/1.1" 304 - "http://localhost:4200/customers/edit-customer/5dc11a5903bf2803b71b7fce" "Mozilla/5.0 (Windows NT 10.0; Win64; x64; rv:70.0) Gecko/20100101 Firefox/70.0"
::ffff:127.0.0.1 - - [05/Nov/2019:13:18:50 +0000] "GET /customers/5dc11a5903bf2803b71b7fce HTTP/1.1" 200 986 "http://localhost:4200/customers/edit-customer/5dc11a5903bf2803b71b7fce" "Mozilla/5.0 (Windows NT 10.0; Win64; x64; rv:70.0) Gecko/20100101 Firefox/70.0"
::ffff:127.0.0.1 - - [05/Nov/2019:13:19:59 +0000] "GET /plans HTTP/1.1" 304 - "http://localhost:4200/customers" "Mozilla/5.0 (Windows NT 10.0; Win64; x64; rv:70.0) Gecko/20100101 Firefox/70.0"
::ffff:127.0.0.1 - - [05/Nov/2019:13:20:00 +0000] "GET /customers HTTP/1.1" 200 179328 "http://localhost:4200/customers" "Mozilla/5.0 (Windows NT 10.0; Win64; x64; rv:70.0) Gecko/20100101 Firefox/70.0"
::ffff:127.0.0.1 - - [05/Nov/2019:13:20:05 +0000] "GET /customers/5dc11a5903bf2803b71b7fdc HTTP/1.1" 200 977 "http://localhost:4200/customers/customer_detail/5dc11a5903bf2803b71b7fdc" "Mozilla/5.0 (Windows NT 10.0; Win64; x64; rv:70.0) Gecko/20100101 Firefox/70.0"
::ffff:127.0.0.1 - - [05/Nov/2019:13:20:06 +0000] "GET /packs HTTP/1.1" 304 - "http://localhost:4200/customers/edit-customer/5dc11a5903bf2803b71b7fdc" "Mozilla/5.0 (Windows NT 10.0; Win64; x64; rv:70.0) Gecko/20100101 Firefox/70.0"
::ffff:127.0.0.1 - - [05/Nov/2019:13:20:06 +0000] "GET /plans HTTP/1.1" 304 - "http://localhost:4200/customers/edit-customer/5dc11a5903bf2803b71b7fdc" "Mozilla/5.0 (Windows NT 10.0; Win64; x64; rv:70.0) Gecko/20100101 Firefox/70.0"
::ffff:127.0.0.1 - - [05/Nov/2019:13:20:06 +0000] "GET /customers/5dc11a5903bf2803b71b7fdc HTTP/1.1" 200 977 "http://localhost:4200/customers/edit-customer/5dc11a5903bf2803b71b7fdc" "Mozilla/5.0 (Windows NT 10.0; Win64; x64; rv:70.0) Gecko/20100101 Firefox/70.0"
::ffff:127.0.0.1 - - [05/Nov/2019:13:20:30 +0000] "OPTIONS /customers/5dc11a5903bf2803b71b7fdc HTTP/1.1" 200 19 "http://localhost:4200/customers/edit-customer/5dc11a5903bf2803b71b7fdc" "Mozilla/5.0 (Windows NT 10.0; Win64; x64; rv:70.0) Gecko/20100101 Firefox/70.0"
::ffff:127.0.0.1 - - [05/Nov/2019:13:20:30 +0000] "PUT /customers/5dc11a5903bf2803b71b7fdc HTTP/1.1" 200 18 "http://localhost:4200/customers/edit-customer/5dc11a5903bf2803b71b7fdc" "Mozilla/5.0 (Windows NT 10.0; Win64; x64; rv:70.0) Gecko/20100101 Firefox/70.0"
::ffff:127.0.0.1 - - [05/Nov/2019:13:22:53 +0000] "GET /plans HTTP/1.1" 304 - "http://localhost:4200/customers" "Mozilla/5.0 (Windows NT 10.0; Win64; x64; rv:70.0) Gecko/20100101 Firefox/70.0"
::ffff:127.0.0.1 - - [05/Nov/2019:13:22:54 +0000] "GET /customers HTTP/1.1" 200 179477 "http://localhost:4200/customers" "Mozilla/5.0 (Windows NT 10.0; Win64; x64; rv:70.0) Gecko/20100101 Firefox/70.0"
::ffff:127.0.0.1 - - [05/Nov/2019:13:24:51 +0000] "GET /customers/5dc11a5903bf2803b71b7fdc HTTP/1.1" 200 1126 "http://localhost:4200/customers/customer_detail/5dc11a5903bf2803b71b7fdc" "Mozilla/5.0 (Windows NT 10.0; Win64; x64; rv:70.0) Gecko/20100101 Firefox/70.0"
::ffff:127.0.0.1 - - [05/Nov/2019:13:24:53 +0000] "GET /packs HTTP/1.1" 304 - "http://localhost:4200/customers/edit-customer/5dc11a5903bf2803b71b7fdc" "Mozilla/5.0 (Windows NT 10.0; Win64; x64; rv:70.0) Gecko/20100101 Firefox/70.0"
::ffff:127.0.0.1 - - [05/Nov/2019:13:24:53 +0000] "GET /plans HTTP/1.1" 304 - "http://localhost:4200/customers/edit-customer/5dc11a5903bf2803b71b7fdc" "Mozilla/5.0 (Windows NT 10.0; Win64; x64; rv:70.0) Gecko/20100101 Firefox/70.0"
::ffff:127.0.0.1 - - [05/Nov/2019:13:24:53 +0000] "GET /customers/5dc11a5903bf2803b71b7fdc HTTP/1.1" 304 - "http://localhost:4200/customers/edit-customer/5dc11a5903bf2803b71b7fdc" "Mozilla/5.0 (Windows NT 10.0; Win64; x64; rv:70.0) Gecko/20100101 Firefox/70.0"
::ffff:127.0.0.1 - - [05/Nov/2019:13:24:58 +0000] "OPTIONS /customers/5dc11a5903bf2803b71b7fdc HTTP/1.1" 200 19 "http://localhost:4200/customers/edit-customer/5dc11a5903bf2803b71b7fdc" "Mozilla/5.0 (Windows NT 10.0; Win64; x64; rv:70.0) Gecko/20100101 Firefox/70.0"
::ffff:127.0.0.1 - - [05/Nov/2019:13:24:58 +0000] "PUT /customers/5dc11a5903bf2803b71b7fdc HTTP/1.1" 200 18 "http://localhost:4200/customers/edit-customer/5dc11a5903bf2803b71b7fdc" "Mozilla/5.0 (Windows NT 10.0; Win64; x64; rv:70.0) Gecko/20100101 Firefox/70.0"
::ffff:127.0.0.1 - - [05/Nov/2019:13:25:50 +0000] "OPTIONS /customers/5dc11a5903bf2803b71b7fdc HTTP/1.1" 200 19 "http://localhost:4200/customers/edit-customer/5dc11a5903bf2803b71b7fdc" "Mozilla/5.0 (Windows NT 10.0; Win64; x64; rv:70.0) Gecko/20100101 Firefox/70.0"
::ffff:127.0.0.1 - - [05/Nov/2019:13:25:50 +0000] "PUT /customers/5dc11a5903bf2803b71b7fdc HTTP/1.1" 200 18 "http://localhost:4200/customers/edit-customer/5dc11a5903bf2803b71b7fdc" "Mozilla/5.0 (Windows NT 10.0; Win64; x64; rv:70.0) Gecko/20100101 Firefox/70.0"
::ffff:127.0.0.1 - - [05/Nov/2019:13:26:07 +0000] "GET /customers/5dc11a5903bf2803b71b7fdc HTTP/1.1" 200 814 "-" "Mozilla/5.0 (Windows NT 10.0; Win64; x64; rv:70.0) Gecko/20100101 Firefox/70.0"
::ffff:127.0.0.1 - - [05/Nov/2019:13:26:10 +0000] "GET /customers/5dc11a5903bf2803b71b7fdc HTTP/1.1" 200 814 "http://localhost:4200/customers/customer_detail/5dc11a5903bf2803b71b7fdc" "Mozilla/5.0 (Windows NT 10.0; Win64; x64; rv:70.0) Gecko/20100101 Firefox/70.0"
::ffff:127.0.0.1 - - [05/Nov/2019:13:27:48 +0000] "GET /packs HTTP/1.1" 304 - "http://localhost:4200/customers/edit-customer/5dc11a5903bf2803b71b7fdc" "Mozilla/5.0 (Windows NT 10.0; Win64; x64; rv:70.0) Gecko/20100101 Firefox/70.0"
::ffff:127.0.0.1 - - [05/Nov/2019:13:27:48 +0000] "GET /plans HTTP/1.1" 304 - "http://localhost:4200/customers/edit-customer/5dc11a5903bf2803b71b7fdc" "Mozilla/5.0 (Windows NT 10.0; Win64; x64; rv:70.0) Gecko/20100101 Firefox/70.0"
::ffff:127.0.0.1 - - [05/Nov/2019:13:27:49 +0000] "GET /customers/5dc11a5903bf2803b71b7fdc HTTP/1.1" 304 - "http://localhost:4200/customers/edit-customer/5dc11a5903bf2803b71b7fdc" "Mozilla/5.0 (Windows NT 10.0; Win64; x64; rv:70.0) Gecko/20100101 Firefox/70.0"
::ffff:127.0.0.1 - - [05/Nov/2019:13:27:54 +0000] "OPTIONS /customers/5dc11a5903bf2803b71b7fdc HTTP/1.1" 200 19 "http://localhost:4200/customers/edit-customer/5dc11a5903bf2803b71b7fdc" "Mozilla/5.0 (Windows NT 10.0; Win64; x64; rv:70.0) Gecko/20100101 Firefox/70.0"
::ffff:127.0.0.1 - - [05/Nov/2019:13:27:54 +0000] "PUT /customers/5dc11a5903bf2803b71b7fdc HTTP/1.1" 200 18 "http://localhost:4200/customers/edit-customer/5dc11a5903bf2803b71b7fdc" "Mozilla/5.0 (Windows NT 10.0; Win64; x64; rv:70.0) Gecko/20100101 Firefox/70.0"
::ffff:127.0.0.1 - - [05/Nov/2019:13:28:19 +0000] "GET /customers/5dc11a5903bf2803b71b7fdc HTTP/1.1" 200 814 "http://localhost:4200/customers/edit-customer/5dc11a5903bf2803b71b7fdc" "Mozilla/5.0 (Windows NT 10.0; Win64; x64; rv:70.0) Gecko/20100101 Firefox/70.0"
::ffff:127.0.0.1 - - [05/Nov/2019:13:28:19 +0000] "GET /plans HTTP/1.1" 200 1683 "http://localhost:4200/customers/edit-customer/5dc11a5903bf2803b71b7fdc" "Mozilla/5.0 (Windows NT 10.0; Win64; x64; rv:70.0) Gecko/20100101 Firefox/70.0"
::ffff:127.0.0.1 - - [05/Nov/2019:13:28:19 +0000] "GET /packs HTTP/1.1" 200 1173 "http://localhost:4200/customers/edit-customer/5dc11a5903bf2803b71b7fdc" "Mozilla/5.0 (Windows NT 10.0; Win64; x64; rv:70.0) Gecko/20100101 Firefox/70.0"
::ffff:127.0.0.1 - - [05/Nov/2019:13:28:24 +0000] "OPTIONS /customers/5dc11a5903bf2803b71b7fdc HTTP/1.1" 200 19 "http://localhost:4200/customers/edit-customer/5dc11a5903bf2803b71b7fdc" "Mozilla/5.0 (Windows NT 10.0; Win64; x64; rv:70.0) Gecko/20100101 Firefox/70.0"
::ffff:127.0.0.1 - - [05/Nov/2019:13:28:24 +0000] "PUT /customers/5dc11a5903bf2803b71b7fdc HTTP/1.1" 200 18 "http://localhost:4200/customers/edit-customer/5dc11a5903bf2803b71b7fdc" "Mozilla/5.0 (Windows NT 10.0; Win64; x64; rv:70.0) Gecko/20100101 Firefox/70.0"
::ffff:127.0.0.1 - - [05/Nov/2019:13:30:15 +0000] "GET /plans HTTP/1.1" 304 - "http://localhost:4200/customers/edit-customer/5dc11a5903bf2803b71b7fdc" "Mozilla/5.0 (Windows NT 10.0; Win64; x64; rv:70.0) Gecko/20100101 Firefox/70.0"
::ffff:127.0.0.1 - - [05/Nov/2019:13:30:15 +0000] "GET /packs HTTP/1.1" 304 - "http://localhost:4200/customers/edit-customer/5dc11a5903bf2803b71b7fdc" "Mozilla/5.0 (Windows NT 10.0; Win64; x64; rv:70.0) Gecko/20100101 Firefox/70.0"
::ffff:127.0.0.1 - - [05/Nov/2019:13:30:16 +0000] "GET /customers/5dc11a5903bf2803b71b7fdc HTTP/1.1" 200 814 "http://localhost:4200/customers/edit-customer/5dc11a5903bf2803b71b7fdc" "Mozilla/5.0 (Windows NT 10.0; Win64; x64; rv:70.0) Gecko/20100101 Firefox/70.0"
::ffff:127.0.0.1 - - [05/Nov/2019:13:30:21 +0000] "OPTIONS /customers/5dc11a5903bf2803b71b7fdc HTTP/1.1" 200 19 "http://localhost:4200/customers/edit-customer/5dc11a5903bf2803b71b7fdc" "Mozilla/5.0 (Windows NT 10.0; Win64; x64; rv:70.0) Gecko/20100101 Firefox/70.0"
::ffff:127.0.0.1 - - [05/Nov/2019:13:30:21 +0000] "PUT /customers/5dc11a5903bf2803b71b7fdc HTTP/1.1" 200 18 "http://localhost:4200/customers/edit-customer/5dc11a5903bf2803b71b7fdc" "Mozilla/5.0 (Windows NT 10.0; Win64; x64; rv:70.0) Gecko/20100101 Firefox/70.0"
::ffff:127.0.0.1 - - [05/Nov/2019:13:30:55 +0000] "GET /plans HTTP/1.1" 304 - "http://localhost:4200/customers/edit-customer/5dc11a5903bf2803b71b7fdc" "Mozilla/5.0 (Windows NT 10.0; Win64; x64; rv:70.0) Gecko/20100101 Firefox/70.0"
::ffff:127.0.0.1 - - [05/Nov/2019:13:30:55 +0000] "GET /packs HTTP/1.1" 304 - "http://localhost:4200/customers/edit-customer/5dc11a5903bf2803b71b7fdc" "Mozilla/5.0 (Windows NT 10.0; Win64; x64; rv:70.0) Gecko/20100101 Firefox/70.0"
::ffff:127.0.0.1 - - [05/Nov/2019:13:30:55 +0000] "GET /customers/5dc11a5903bf2803b71b7fdc HTTP/1.1" 200 814 "http://localhost:4200/customers/edit-customer/5dc11a5903bf2803b71b7fdc" "Mozilla/5.0 (Windows NT 10.0; Win64; x64; rv:70.0) Gecko/20100101 Firefox/70.0"
::ffff:127.0.0.1 - - [05/Nov/2019:13:31:02 +0000] "GET /plans HTTP/1.1" 304 - "http://localhost:4200/customers/edit-customer/5dc11a5903bf2803b71b7fdc" "Mozilla/5.0 (Windows NT 10.0; Win64; x64; rv:70.0) Gecko/20100101 Firefox/70.0"
::ffff:127.0.0.1 - - [05/Nov/2019:13:31:02 +0000] "GET /packs HTTP/1.1" 304 - "http://localhost:4200/customers/edit-customer/5dc11a5903bf2803b71b7fdc" "Mozilla/5.0 (Windows NT 10.0; Win64; x64; rv:70.0) Gecko/20100101 Firefox/70.0"
::ffff:127.0.0.1 - - [05/Nov/2019:13:31:02 +0000] "GET /customers/5dc11a5903bf2803b71b7fdc HTTP/1.1" 304 - "http://localhost:4200/customers/edit-customer/5dc11a5903bf2803b71b7fdc" "Mozilla/5.0 (Windows NT 10.0; Win64; x64; rv:70.0) Gecko/20100101 Firefox/70.0"
::ffff:127.0.0.1 - - [05/Nov/2019:13:31:13 +0000] "GET /plans HTTP/1.1" 304 - "http://localhost:4200/customers/edit-customer/5dc11a5903bf2803b71b7fdc" "Mozilla/5.0 (Windows NT 10.0; Win64; x64; rv:70.0) Gecko/20100101 Firefox/70.0"
::ffff:127.0.0.1 - - [05/Nov/2019:13:31:13 +0000] "GET /packs HTTP/1.1" 304 - "http://localhost:4200/customers/edit-customer/5dc11a5903bf2803b71b7fdc" "Mozilla/5.0 (Windows NT 10.0; Win64; x64; rv:70.0) Gecko/20100101 Firefox/70.0"
::ffff:127.0.0.1 - - [05/Nov/2019:13:31:13 +0000] "GET /customers/5dc11a5903bf2803b71b7fdc HTTP/1.1" 304 - "http://localhost:4200/customers/edit-customer/5dc11a5903bf2803b71b7fdc" "Mozilla/5.0 (Windows NT 10.0; Win64; x64; rv:70.0) Gecko/20100101 Firefox/70.0"
::ffff:127.0.0.1 - - [05/Nov/2019:13:31:18 +0000] "OPTIONS /customers/customer_detail/5dc11a5903bf2803b71b7fdc HTTP/1.1" 404 193 "http://localhost:4200/customers/edit-customer/5dc11a5903bf2803b71b7fdc" "Mozilla/5.0 (Windows NT 10.0; Win64; x64; rv:70.0) Gecko/20100101 Firefox/70.0"
::ffff:127.0.0.1 - - [05/Nov/2019:13:31:39 +0000] "GET /plans HTTP/1.1" 304 - "http://localhost:4200/customers/edit-customer/5dc11a5903bf2803b71b7fdc" "Mozilla/5.0 (Windows NT 10.0; Win64; x64; rv:70.0) Gecko/20100101 Firefox/70.0"
::ffff:127.0.0.1 - - [05/Nov/2019:13:31:39 +0000] "GET /packs HTTP/1.1" 304 - "http://localhost:4200/customers/edit-customer/5dc11a5903bf2803b71b7fdc" "Mozilla/5.0 (Windows NT 10.0; Win64; x64; rv:70.0) Gecko/20100101 Firefox/70.0"
::ffff:127.0.0.1 - - [05/Nov/2019:13:31:39 +0000] "GET /customers/5dc11a5903bf2803b71b7fdc HTTP/1.1" 304 - "http://localhost:4200/customers/edit-customer/5dc11a5903bf2803b71b7fdc" "Mozilla/5.0 (Windows NT 10.0; Win64; x64; rv:70.0) Gecko/20100101 Firefox/70.0"
<<<<<<< HEAD
::ffff:127.0.0.1 - - [05/Nov/2019:14:57:38 +0000] "OPTIONS /user/login HTTP/1.1" 200 4 "http://localhost:4200/login" "Mozilla/5.0 (Windows NT 10.0; Win64; x64; rv:70.0) Gecko/20100101 Firefox/70.0"
::ffff:127.0.0.1 - - [05/Nov/2019:14:57:54 +0000] "OPTIONS /user/login HTTP/1.1" 200 4 "http://localhost:4200/login" "Mozilla/5.0 (Windows NT 10.0; Win64; x64; rv:70.0) Gecko/20100101 Firefox/70.0"
::ffff:127.0.0.1 - - [05/Nov/2019:14:57:56 +0000] "OPTIONS /user/login HTTP/1.1" 200 4 "http://localhost:4200/login" "Mozilla/5.0 (Windows NT 10.0; Win64; x64; rv:70.0) Gecko/20100101 Firefox/70.0"
::ffff:127.0.0.1 - - [05/Nov/2019:14:59:13 +0000] "OPTIONS /user/login HTTP/1.1" 200 4 "http://localhost:4200/login" "Mozilla/5.0 (Windows NT 10.0; Win64; x64; rv:70.0) Gecko/20100101 Firefox/70.0"
::ffff:127.0.0.1 - - [05/Nov/2019:15:02:08 +0000] "OPTIONS /user/login HTTP/1.1" 200 4 "http://localhost:4200/login" "Mozilla/5.0 (Windows NT 10.0; Win64; x64; rv:70.0) Gecko/20100101 Firefox/70.0"
::ffff:127.0.0.1 - - [05/Nov/2019:15:02:09 +0000] "POST /user/login HTTP/1.1" 200 358 "http://localhost:4200/login" "Mozilla/5.0 (Windows NT 10.0; Win64; x64; rv:70.0) Gecko/20100101 Firefox/70.0"
::ffff:127.0.0.1 - - [05/Nov/2019:15:02:16 +0000] "GET /plans HTTP/1.1" 200 1683 "http://localhost:4200/customers" "Mozilla/5.0 (Windows NT 10.0; Win64; x64; rv:70.0) Gecko/20100101 Firefox/70.0"
::ffff:127.0.0.1 - - [05/Nov/2019:15:02:19 +0000] "GET /customers HTTP/1.1" 200 179165 "http://localhost:4200/customers" "Mozilla/5.0 (Windows NT 10.0; Win64; x64; rv:70.0) Gecko/20100101 Firefox/70.0"
::ffff:127.0.0.1 - - [05/Nov/2019:15:02:27 +0000] "GET /customers/5dc11a5903bf2803b71b7fce HTTP/1.1" 200 986 "http://localhost:4200/customers/customer_detail/5dc11a5903bf2803b71b7fce" "Mozilla/5.0 (Windows NT 10.0; Win64; x64; rv:70.0) Gecko/20100101 Firefox/70.0"
::ffff:127.0.0.1 - - [05/Nov/2019:15:02:32 +0000] "GET /plans HTTP/1.1" 304 - "http://localhost:4200/customers" "Mozilla/5.0 (Windows NT 10.0; Win64; x64; rv:70.0) Gecko/20100101 Firefox/70.0"
::ffff:127.0.0.1 - - [05/Nov/2019:15:02:33 +0000] "GET /customers HTTP/1.1" 200 179165 "http://localhost:4200/customers" "Mozilla/5.0 (Windows NT 10.0; Win64; x64; rv:70.0) Gecko/20100101 Firefox/70.0"
::ffff:127.0.0.1 - - [05/Nov/2019:15:02:58 +0000] "GET /customers/5dc11a5903bf2803b71b7fce HTTP/1.1" 200 986 "http://localhost:4200/customers/customer_detail/5dc11a5903bf2803b71b7fce" "Mozilla/5.0 (Windows NT 10.0; Win64; x64; rv:70.0) Gecko/20100101 Firefox/70.0"
::ffff:127.0.0.1 - - [05/Nov/2019:15:03:00 +0000] "GET /plans HTTP/1.1" 304 - "http://localhost:4200/customers/edit-customer/5dc11a5903bf2803b71b7fce" "Mozilla/5.0 (Windows NT 10.0; Win64; x64; rv:70.0) Gecko/20100101 Firefox/70.0"
::ffff:127.0.0.1 - - [05/Nov/2019:15:03:00 +0000] "GET /packs HTTP/1.1" 200 1173 "http://localhost:4200/customers/edit-customer/5dc11a5903bf2803b71b7fce" "Mozilla/5.0 (Windows NT 10.0; Win64; x64; rv:70.0) Gecko/20100101 Firefox/70.0"
::ffff:127.0.0.1 - - [05/Nov/2019:15:03:00 +0000] "GET /customers/5dc11a5903bf2803b71b7fce HTTP/1.1" 200 986 "http://localhost:4200/customers/edit-customer/5dc11a5903bf2803b71b7fce" "Mozilla/5.0 (Windows NT 10.0; Win64; x64; rv:70.0) Gecko/20100101 Firefox/70.0"
::ffff:127.0.0.1 - - [05/Nov/2019:15:03:35 +0000] "GET /plans HTTP/1.1" 304 - "http://localhost:4200/customers" "Mozilla/5.0 (Windows NT 10.0; Win64; x64; rv:70.0) Gecko/20100101 Firefox/70.0"
::ffff:127.0.0.1 - - [05/Nov/2019:15:03:36 +0000] "GET /customers HTTP/1.1" 200 179165 "http://localhost:4200/customers" "Mozilla/5.0 (Windows NT 10.0; Win64; x64; rv:70.0) Gecko/20100101 Firefox/70.0"
::ffff:127.0.0.1 - - [05/Nov/2019:15:03:49 +0000] "GET /customers/5dc11a5903bf2803b71b7fce HTTP/1.1" 200 986 "http://localhost:4200/customers/customer_detail/5dc11a5903bf2803b71b7fce" "Mozilla/5.0 (Windows NT 10.0; Win64; x64; rv:70.0) Gecko/20100101 Firefox/70.0"
::ffff:127.0.0.1 - - [05/Nov/2019:15:03:53 +0000] "GET /customers/5dc11a5903bf2803b71b7fce HTTP/1.1" 200 986 "http://localhost:4200/customers/customer_detail/5dc11a5903bf2803b71b7fce" "Mozilla/5.0 (Windows NT 10.0; Win64; x64; rv:70.0) Gecko/20100101 Firefox/70.0"
::ffff:127.0.0.1 - - [05/Nov/2019:15:14:25 +0000] "GET /plans HTTP/1.1" 304 - "http://localhost:4200/customers" "Mozilla/5.0 (Windows NT 10.0; Win64; x64; rv:70.0) Gecko/20100101 Firefox/70.0"
::ffff:127.0.0.1 - - [05/Nov/2019:15:14:27 +0000] "GET /customers HTTP/1.1" 200 179165 "http://localhost:4200/customers" "Mozilla/5.0 (Windows NT 10.0; Win64; x64; rv:70.0) Gecko/20100101 Firefox/70.0"
::ffff:127.0.0.1 - - [05/Nov/2019:15:15:00 +0000] "GET /customers/5dc11a5903bf2803b71b7fce HTTP/1.1" 200 986 "http://localhost:4200/customers/customer_detail/5dc11a5903bf2803b71b7fce" "Mozilla/5.0 (Windows NT 10.0; Win64; x64; rv:70.0) Gecko/20100101 Firefox/70.0"
::ffff:127.0.0.1 - - [05/Nov/2019:15:15:03 +0000] "GET /plans HTTP/1.1" 304 - "http://localhost:4200/customers/edit-customer/5dc11a5903bf2803b71b7fce" "Mozilla/5.0 (Windows NT 10.0; Win64; x64; rv:70.0) Gecko/20100101 Firefox/70.0"
::ffff:127.0.0.1 - - [05/Nov/2019:15:15:03 +0000] "GET /packs HTTP/1.1" 304 - "http://localhost:4200/customers/edit-customer/5dc11a5903bf2803b71b7fce" "Mozilla/5.0 (Windows NT 10.0; Win64; x64; rv:70.0) Gecko/20100101 Firefox/70.0"
::ffff:127.0.0.1 - - [05/Nov/2019:15:15:03 +0000] "GET /customers/5dc11a5903bf2803b71b7fce HTTP/1.1" 200 986 "http://localhost:4200/customers/edit-customer/5dc11a5903bf2803b71b7fce" "Mozilla/5.0 (Windows NT 10.0; Win64; x64; rv:70.0) Gecko/20100101 Firefox/70.0"
::ffff:127.0.0.1 - - [05/Nov/2019:15:15:19 +0000] "GET /plans HTTP/1.1" 304 - "http://localhost:4200/customers" "Mozilla/5.0 (Windows NT 10.0; Win64; x64; rv:70.0) Gecko/20100101 Firefox/70.0"
::ffff:127.0.0.1 - - [05/Nov/2019:15:15:20 +0000] "GET /customers HTTP/1.1" 200 179165 "http://localhost:4200/customers" "Mozilla/5.0 (Windows NT 10.0; Win64; x64; rv:70.0) Gecko/20100101 Firefox/70.0"
=======
::ffff:127.0.0.1 - - [05/Nov/2019:19:06:33 +0000] "GET /customers/5dc11a5903bf2803b71b7fce HTTP/1.1" 200 986 "http://localhost:4200/customers/customer_detail/5dc11a5903bf2803b71b7fce" "Mozilla/5.0 (X11; Linux x86_64; rv:68.0) Gecko/20100101 Firefox/68.0"
::ffff:127.0.0.1 - - [05/Nov/2019:19:06:36 +0000] "GET /plans HTTP/1.1" 200 1683 "http://localhost:4200/customers/edit-customer/5dc11a5903bf2803b71b7fce" "Mozilla/5.0 (X11; Linux x86_64; rv:68.0) Gecko/20100101 Firefox/68.0"
::ffff:127.0.0.1 - - [05/Nov/2019:19:06:36 +0000] "GET /packs HTTP/1.1" 200 1173 "http://localhost:4200/customers/edit-customer/5dc11a5903bf2803b71b7fce" "Mozilla/5.0 (X11; Linux x86_64; rv:68.0) Gecko/20100101 Firefox/68.0"
::ffff:127.0.0.1 - - [05/Nov/2019:19:06:37 +0000] "GET /customers/5dc11a5903bf2803b71b7fce HTTP/1.1" 200 986 "http://localhost:4200/customers/edit-customer/5dc11a5903bf2803b71b7fce" "Mozilla/5.0 (X11; Linux x86_64; rv:68.0) Gecko/20100101 Firefox/68.0"
::ffff:127.0.0.1 - - [05/Nov/2019:19:07:13 +0000] "GET /plans HTTP/1.1" 200 1683 "http://localhost:4200/customers/edit-customer/5dc11a5903bf2803b71b7fce" "Mozilla/5.0 (X11; Linux x86_64; rv:68.0) Gecko/20100101 Firefox/68.0"
::ffff:127.0.0.1 - - [05/Nov/2019:19:07:13 +0000] "GET /packs HTTP/1.1" 200 1173 "http://localhost:4200/customers/edit-customer/5dc11a5903bf2803b71b7fce" "Mozilla/5.0 (X11; Linux x86_64; rv:68.0) Gecko/20100101 Firefox/68.0"
::ffff:127.0.0.1 - - [05/Nov/2019:19:07:13 +0000] "GET /customers/5dc11a5903bf2803b71b7fce HTTP/1.1" 200 986 "http://localhost:4200/customers/edit-customer/5dc11a5903bf2803b71b7fce" "Mozilla/5.0 (X11; Linux x86_64; rv:68.0) Gecko/20100101 Firefox/68.0"
::ffff:127.0.0.1 - - [05/Nov/2019:19:07:38 +0000] "GET /packs HTTP/1.1" 200 1173 "http://localhost:4200/customers/edit-customer/5dc11a5903bf2803b71b7fce" "Mozilla/5.0 (X11; Linux x86_64; rv:68.0) Gecko/20100101 Firefox/68.0"
::ffff:127.0.0.1 - - [05/Nov/2019:19:07:38 +0000] "GET /plans HTTP/1.1" 200 1683 "http://localhost:4200/customers/edit-customer/5dc11a5903bf2803b71b7fce" "Mozilla/5.0 (X11; Linux x86_64; rv:68.0) Gecko/20100101 Firefox/68.0"
::ffff:127.0.0.1 - - [05/Nov/2019:19:07:38 +0000] "GET /customers/5dc11a5903bf2803b71b7fce HTTP/1.1" 200 986 "http://localhost:4200/customers/edit-customer/5dc11a5903bf2803b71b7fce" "Mozilla/5.0 (X11; Linux x86_64; rv:68.0) Gecko/20100101 Firefox/68.0"
::1 - - [05/Nov/2019:19:08:18 +0000] "GET /customers/5dc0c2794018247017ac6e50 HTTP/1.1" 200 4 "http://localhost:4200/customers/customer_detail/5dc0c2794018247017ac6e50" "Mozilla/5.0 (X11; Linux x86_64) AppleWebKit/537.36 (KHTML, like Gecko) Chrome/78.0.3904.70 Safari/537.36"
::1 - - [05/Nov/2019:19:08:20 +0000] "GET /plans HTTP/1.1" 304 - "http://localhost:4200/customers/edit-customer/185311459157298089878420242232" "Mozilla/5.0 (X11; Linux x86_64) AppleWebKit/537.36 (KHTML, like Gecko) Chrome/78.0.3904.70 Safari/537.36"
::1 - - [05/Nov/2019:19:08:20 +0000] "GET /packs HTTP/1.1" 304 - "http://localhost:4200/customers/edit-customer/185311459157298089878420242232" "Mozilla/5.0 (X11; Linux x86_64) AppleWebKit/537.36 (KHTML, like Gecko) Chrome/78.0.3904.70 Safari/537.36"
::1 - - [05/Nov/2019:19:08:25 +0000] "GET /customers/185311459157298089878420242232 HTTP/1.1" - - "http://localhost:4200/customers/edit-customer/185311459157298089878420242232" "Mozilla/5.0 (X11; Linux x86_64) AppleWebKit/537.36 (KHTML, like Gecko) Chrome/78.0.3904.70 Safari/537.36"
::1 - - [05/Nov/2019:19:08:30 +0000] "GET /packs HTTP/1.1" 200 1173 "http://localhost:4200/customers/edit-customer/185311459157298089878420242232" "Mozilla/5.0 (X11; Linux x86_64) AppleWebKit/537.36 (KHTML, like Gecko) Chrome/78.0.3904.70 Safari/537.36"
::1 - - [05/Nov/2019:19:08:30 +0000] "GET /plans HTTP/1.1" 200 1683 "http://localhost:4200/customers/edit-customer/185311459157298089878420242232" "Mozilla/5.0 (X11; Linux x86_64) AppleWebKit/537.36 (KHTML, like Gecko) Chrome/78.0.3904.70 Safari/537.36"
::ffff:127.0.0.1 - - [05/Nov/2019:19:08:37 +0000] "GET /plans HTTP/1.1" 200 1683 "http://localhost:4200/customers" "Mozilla/5.0 (X11; Linux x86_64; rv:68.0) Gecko/20100101 Firefox/68.0"
::ffff:127.0.0.1 - - [05/Nov/2019:19:08:38 +0000] "GET /customers HTTP/1.1" 200 179165 "http://localhost:4200/customers" "Mozilla/5.0 (X11; Linux x86_64; rv:68.0) Gecko/20100101 Firefox/68.0"
::1 - - [05/Nov/2019:19:09:11 +0000] "GET /customers/185311459157298089878420242232 HTTP/1.1" - - "http://localhost:4200/customers/edit-customer/185311459157298089878420242232" "Mozilla/5.0 (X11; Linux x86_64) AppleWebKit/537.36 (KHTML, like Gecko) Chrome/78.0.3904.70 Safari/537.36"
::1 - - [05/Nov/2019:19:09:15 +0000] "GET /packs HTTP/1.1" 304 - "http://localhost:4200/customers/edit-customer/185311459157298089878420242232" "Mozilla/5.0 (X11; Linux x86_64) AppleWebKit/537.36 (KHTML, like Gecko) Chrome/78.0.3904.70 Safari/537.36"
::1 - - [05/Nov/2019:19:09:15 +0000] "GET /plans HTTP/1.1" 304 - "http://localhost:4200/customers/edit-customer/185311459157298089878420242232" "Mozilla/5.0 (X11; Linux x86_64) AppleWebKit/537.36 (KHTML, like Gecko) Chrome/78.0.3904.70 Safari/537.36"
::ffff:127.0.0.1 - - [05/Nov/2019:19:09:16 +0000] "GET /plans HTTP/1.1" 200 1683 "http://localhost:4200/customers" "Mozilla/5.0 (X11; Linux x86_64; rv:68.0) Gecko/20100101 Firefox/68.0"
::ffff:127.0.0.1 - - [05/Nov/2019:19:09:16 +0000] "GET /plans HTTP/1.1" 304 - "http://localhost:4200/customers/edit-customer/5dc11a5903bf2803b71b7fce" "Mozilla/5.0 (X11; Linux x86_64; rv:68.0) Gecko/20100101 Firefox/68.0"
::ffff:127.0.0.1 - - [05/Nov/2019:19:09:16 +0000] "GET /packs HTTP/1.1" 200 1173 "http://localhost:4200/customers/edit-customer/5dc11a5903bf2803b71b7fce" "Mozilla/5.0 (X11; Linux x86_64; rv:68.0) Gecko/20100101 Firefox/68.0"
::ffff:127.0.0.1 - - [05/Nov/2019:19:09:16 +0000] "GET /customers/5dc11a5903bf2803b71b7fce HTTP/1.1" 200 986 "http://localhost:4200/customers/edit-customer/5dc11a5903bf2803b71b7fce" "Mozilla/5.0 (X11; Linux x86_64; rv:68.0) Gecko/20100101 Firefox/68.0"
::ffff:127.0.0.1 - - [05/Nov/2019:19:09:17 +0000] "GET /customers HTTP/1.1" 200 179165 "http://localhost:4200/customers" "Mozilla/5.0 (X11; Linux x86_64; rv:68.0) Gecko/20100101 Firefox/68.0"
::1 - - [05/Nov/2019:19:09:41 +0000] "GET /customers/185311459157298089878420242232 HTTP/1.1" - - "http://localhost:4200/customers/edit-customer/185311459157298089878420242232" "Mozilla/5.0 (X11; Linux x86_64) AppleWebKit/537.36 (KHTML, like Gecko) Chrome/78.0.3904.70 Safari/537.36"
::ffff:127.0.0.1 - - [05/Nov/2019:19:10:00 +0000] "GET /packs HTTP/1.1" 304 - "http://localhost:4200/customers/edit-customer/5dc11a5903bf2803b71b7fce" "Mozilla/5.0 (X11; Linux x86_64; rv:68.0) Gecko/20100101 Firefox/68.0"
::ffff:127.0.0.1 - - [05/Nov/2019:19:10:00 +0000] "GET /plans HTTP/1.1" 304 - "http://localhost:4200/customers/edit-customer/5dc11a5903bf2803b71b7fce" "Mozilla/5.0 (X11; Linux x86_64; rv:68.0) Gecko/20100101 Firefox/68.0"
::ffff:127.0.0.1 - - [05/Nov/2019:19:10:00 +0000] "GET /customers/5dc11a5903bf2803b71b7fce HTTP/1.1" 200 986 "http://localhost:4200/customers/edit-customer/5dc11a5903bf2803b71b7fce" "Mozilla/5.0 (X11; Linux x86_64; rv:68.0) Gecko/20100101 Firefox/68.0"
::1 - - [05/Nov/2019:19:10:02 +0000] "GET /plans HTTP/1.1" 304 - "http://localhost:4200/customers/edit-customer/185311459157298089878420242232" "Mozilla/5.0 (X11; Linux x86_64) AppleWebKit/537.36 (KHTML, like Gecko) Chrome/78.0.3904.70 Safari/537.36"
::1 - - [05/Nov/2019:19:10:02 +0000] "GET /packs HTTP/1.1" 304 - "http://localhost:4200/customers/edit-customer/185311459157298089878420242232" "Mozilla/5.0 (X11; Linux x86_64) AppleWebKit/537.36 (KHTML, like Gecko) Chrome/78.0.3904.70 Safari/537.36"
::ffff:127.0.0.1 - - [05/Nov/2019:19:10:03 +0000] "GET /plans HTTP/1.1" 304 - "http://localhost:4200/customers" "Mozilla/5.0 (X11; Linux x86_64; rv:68.0) Gecko/20100101 Firefox/68.0"
::ffff:127.0.0.1 - - [05/Nov/2019:19:10:04 +0000] "GET /customers HTTP/1.1" 200 179165 "http://localhost:4200/customers" "Mozilla/5.0 (X11; Linux x86_64; rv:68.0) Gecko/20100101 Firefox/68.0"
::1 - - [05/Nov/2019:19:10:54 +0000] "GET /customers/185311459157298089878420242232 HTTP/1.1" - - "http://localhost:4200/customers/edit-customer/185311459157298089878420242232" "Mozilla/5.0 (X11; Linux x86_64) AppleWebKit/537.36 (KHTML, like Gecko) Chrome/78.0.3904.70 Safari/537.36"
::1 - - [05/Nov/2019:19:10:57 +0000] "GET /packs HTTP/1.1" 304 - "http://localhost:4200/customers/edit-customer/185311459157298089878420242232" "Mozilla/5.0 (X11; Linux x86_64) AppleWebKit/537.36 (KHTML, like Gecko) Chrome/78.0.3904.70 Safari/537.36"
::1 - - [05/Nov/2019:19:10:57 +0000] "GET /plans HTTP/1.1" 304 - "http://localhost:4200/customers/edit-customer/185311459157298089878420242232" "Mozilla/5.0 (X11; Linux x86_64) AppleWebKit/537.36 (KHTML, like Gecko) Chrome/78.0.3904.70 Safari/537.36"
::ffff:127.0.0.1 - - [05/Nov/2019:19:10:58 +0000] "GET /plans HTTP/1.1" 304 - "http://localhost:4200/customers" "Mozilla/5.0 (X11; Linux x86_64; rv:68.0) Gecko/20100101 Firefox/68.0"
::ffff:127.0.0.1 - - [05/Nov/2019:19:10:59 +0000] "GET /customers HTTP/1.1" 200 179165 "http://localhost:4200/customers" "Mozilla/5.0 (X11; Linux x86_64; rv:68.0) Gecko/20100101 Firefox/68.0"
::ffff:127.0.0.1 - - [05/Nov/2019:19:10:59 +0000] "GET /plans HTTP/1.1" 304 - "http://localhost:4200/customers/edit-customer/5dc11a5903bf2803b71b7fce" "Mozilla/5.0 (X11; Linux x86_64; rv:68.0) Gecko/20100101 Firefox/68.0"
::ffff:127.0.0.1 - - [05/Nov/2019:19:10:59 +0000] "GET /packs HTTP/1.1" 304 - "http://localhost:4200/customers/edit-customer/5dc11a5903bf2803b71b7fce" "Mozilla/5.0 (X11; Linux x86_64; rv:68.0) Gecko/20100101 Firefox/68.0"
::ffff:127.0.0.1 - - [05/Nov/2019:19:10:59 +0000] "GET /customers/5dc11a5903bf2803b71b7fce HTTP/1.1" 200 986 "http://localhost:4200/customers/edit-customer/5dc11a5903bf2803b71b7fce" "Mozilla/5.0 (X11; Linux x86_64; rv:68.0) Gecko/20100101 Firefox/68.0"
::1 - - [05/Nov/2019:19:11:07 +0000] "GET /customers/185311459157298089878420242232 HTTP/1.1" - - "http://localhost:4200/customers/edit-customer/185311459157298089878420242232" "Mozilla/5.0 (X11; Linux x86_64) AppleWebKit/537.36 (KHTML, like Gecko) Chrome/78.0.3904.70 Safari/537.36"
::1 - - [05/Nov/2019:19:11:09 +0000] "GET /plans HTTP/1.1" 200 1683 "http://localhost:4200/customers/edit-customer/185311459157298089878420242232" "Mozilla/5.0 (X11; Linux x86_64) AppleWebKit/537.36 (KHTML, like Gecko) Chrome/78.0.3904.70 Safari/537.36"
::1 - - [05/Nov/2019:19:11:09 +0000] "GET /packs HTTP/1.1" 200 1173 "http://localhost:4200/customers/edit-customer/185311459157298089878420242232" "Mozilla/5.0 (X11; Linux x86_64) AppleWebKit/537.36 (KHTML, like Gecko) Chrome/78.0.3904.70 Safari/537.36"
::1 - - [05/Nov/2019:19:11:15 +0000] "GET /plans HTTP/1.1" 304 - "http://localhost:4200/customers" "Mozilla/5.0 (X11; Linux x86_64) AppleWebKit/537.36 (KHTML, like Gecko) Chrome/78.0.3904.70 Safari/537.36"
::1 - - [05/Nov/2019:19:11:16 +0000] "GET /customers HTTP/1.1" 200 179165 "http://localhost:4200/customers" "Mozilla/5.0 (X11; Linux x86_64) AppleWebKit/537.36 (KHTML, like Gecko) Chrome/78.0.3904.70 Safari/537.36"
::1 - - [05/Nov/2019:19:11:20 +0000] "GET /customers/5dc11a5903bf2803b71b7fd1 HTTP/1.1" 200 965 "http://localhost:4200/customers/customer_detail/5dc11a5903bf2803b71b7fd1" "Mozilla/5.0 (X11; Linux x86_64) AppleWebKit/537.36 (KHTML, like Gecko) Chrome/78.0.3904.70 Safari/537.36"
::1 - - [05/Nov/2019:19:11:22 +0000] "GET /packs HTTP/1.1" 304 - "http://localhost:4200/customers/edit-customer/5dc11a5903bf2803b71b7fd1" "Mozilla/5.0 (X11; Linux x86_64) AppleWebKit/537.36 (KHTML, like Gecko) Chrome/78.0.3904.70 Safari/537.36"
::1 - - [05/Nov/2019:19:11:22 +0000] "GET /plans HTTP/1.1" 304 - "http://localhost:4200/customers/edit-customer/5dc11a5903bf2803b71b7fd1" "Mozilla/5.0 (X11; Linux x86_64) AppleWebKit/537.36 (KHTML, like Gecko) Chrome/78.0.3904.70 Safari/537.36"
::1 - - [05/Nov/2019:19:11:22 +0000] "GET /customers/5dc11a5903bf2803b71b7fd1 HTTP/1.1" 200 965 "http://localhost:4200/customers/edit-customer/5dc11a5903bf2803b71b7fd1" "Mozilla/5.0 (X11; Linux x86_64) AppleWebKit/537.36 (KHTML, like Gecko) Chrome/78.0.3904.70 Safari/537.36"
::1 - - [05/Nov/2019:19:11:53 +0000] "GET /customers/185311459157298089878420242232 HTTP/1.1" - - "http://localhost:4200/customers/edit-customer/185311459157298089878420242232" "Mozilla/5.0 (X11; Linux x86_64) AppleWebKit/537.36 (KHTML, like Gecko) Chrome/78.0.3904.70 Safari/537.36"
::1 - - [05/Nov/2019:19:12:05 +0000] "GET /plans HTTP/1.1" 304 - "http://localhost:4200/customers/edit-customer/5dc11a5903bf2803b71b7fd1" "Mozilla/5.0 (X11; Linux x86_64) AppleWebKit/537.36 (KHTML, like Gecko) Chrome/78.0.3904.70 Safari/537.36"
::1 - - [05/Nov/2019:19:12:05 +0000] "GET /packs HTTP/1.1" 304 - "http://localhost:4200/customers/edit-customer/5dc11a5903bf2803b71b7fd1" "Mozilla/5.0 (X11; Linux x86_64) AppleWebKit/537.36 (KHTML, like Gecko) Chrome/78.0.3904.70 Safari/537.36"
::1 - - [05/Nov/2019:19:12:05 +0000] "GET /customers/5dc11a5903bf2803b71b7fd1 HTTP/1.1" 200 965 "http://localhost:4200/customers/edit-customer/5dc11a5903bf2803b71b7fd1" "Mozilla/5.0 (X11; Linux x86_64) AppleWebKit/537.36 (KHTML, like Gecko) Chrome/78.0.3904.70 Safari/537.36"
::ffff:127.0.0.1 - - [05/Nov/2019:19:12:06 +0000] "GET /packs HTTP/1.1" 304 - "http://localhost:4200/customers/edit-customer/5dc11a5903bf2803b71b7fce" "Mozilla/5.0 (X11; Linux x86_64; rv:68.0) Gecko/20100101 Firefox/68.0"
::ffff:127.0.0.1 - - [05/Nov/2019:19:12:06 +0000] "GET /plans HTTP/1.1" 304 - "http://localhost:4200/customers/edit-customer/5dc11a5903bf2803b71b7fce" "Mozilla/5.0 (X11; Linux x86_64; rv:68.0) Gecko/20100101 Firefox/68.0"
::ffff:127.0.0.1 - - [05/Nov/2019:19:12:06 +0000] "GET /plans HTTP/1.1" 200 1683 "http://localhost:4200/customers" "Mozilla/5.0 (X11; Linux x86_64; rv:68.0) Gecko/20100101 Firefox/68.0"
::ffff:127.0.0.1 - - [05/Nov/2019:19:12:06 +0000] "GET /customers/5dc11a5903bf2803b71b7fce HTTP/1.1" 200 986 "http://localhost:4200/customers/edit-customer/5dc11a5903bf2803b71b7fce" "Mozilla/5.0 (X11; Linux x86_64; rv:68.0) Gecko/20100101 Firefox/68.0"
::ffff:127.0.0.1 - - [05/Nov/2019:19:12:07 +0000] "GET /customers HTTP/1.1" 200 179165 "http://localhost:4200/customers" "Mozilla/5.0 (X11; Linux x86_64; rv:68.0) Gecko/20100101 Firefox/68.0"
::1 - - [05/Nov/2019:19:13:08 +0000] "GET /plans HTTP/1.1" 304 - "http://localhost:4200/customers/edit-customer/5dc11a5903bf2803b71b7fd1" "Mozilla/5.0 (X11; Linux x86_64) AppleWebKit/537.36 (KHTML, like Gecko) Chrome/78.0.3904.70 Safari/537.36"
::1 - - [05/Nov/2019:19:13:08 +0000] "GET /packs HTTP/1.1" 304 - "http://localhost:4200/customers/edit-customer/5dc11a5903bf2803b71b7fd1" "Mozilla/5.0 (X11; Linux x86_64) AppleWebKit/537.36 (KHTML, like Gecko) Chrome/78.0.3904.70 Safari/537.36"
::1 - - [05/Nov/2019:19:13:08 +0000] "GET /customers/5dc11a5903bf2803b71b7fd1 HTTP/1.1" 200 965 "http://localhost:4200/customers/edit-customer/5dc11a5903bf2803b71b7fd1" "Mozilla/5.0 (X11; Linux x86_64) AppleWebKit/537.36 (KHTML, like Gecko) Chrome/78.0.3904.70 Safari/537.36"
::ffff:127.0.0.1 - - [05/Nov/2019:19:13:09 +0000] "GET /plans HTTP/1.1" 304 - "http://localhost:4200/customers" "Mozilla/5.0 (X11; Linux x86_64; rv:68.0) Gecko/20100101 Firefox/68.0"
::ffff:127.0.0.1 - - [05/Nov/2019:19:13:10 +0000] "GET /customers HTTP/1.1" 200 179165 "http://localhost:4200/customers" "Mozilla/5.0 (X11; Linux x86_64; rv:68.0) Gecko/20100101 Firefox/68.0"
::ffff:127.0.0.1 - - [05/Nov/2019:19:13:10 +0000] "GET /packs HTTP/1.1" 200 1173 "http://localhost:4200/customers/edit-customer/5dc11a5903bf2803b71b7fce" "Mozilla/5.0 (X11; Linux x86_64; rv:68.0) Gecko/20100101 Firefox/68.0"
::ffff:127.0.0.1 - - [05/Nov/2019:19:13:10 +0000] "GET /plans HTTP/1.1" 304 - "http://localhost:4200/customers/edit-customer/5dc11a5903bf2803b71b7fce" "Mozilla/5.0 (X11; Linux x86_64; rv:68.0) Gecko/20100101 Firefox/68.0"
::ffff:127.0.0.1 - - [05/Nov/2019:19:13:10 +0000] "GET /customers/5dc11a5903bf2803b71b7fce HTTP/1.1" 200 986 "http://localhost:4200/customers/edit-customer/5dc11a5903bf2803b71b7fce" "Mozilla/5.0 (X11; Linux x86_64; rv:68.0) Gecko/20100101 Firefox/68.0"
::1 - - [05/Nov/2019:19:13:24 +0000] "GET /packs HTTP/1.1" 304 - "http://localhost:4200/customers/edit-customer/5dc11a5903bf2803b71b7fd1" "Mozilla/5.0 (X11; Linux x86_64) AppleWebKit/537.36 (KHTML, like Gecko) Chrome/78.0.3904.70 Safari/537.36"
::1 - - [05/Nov/2019:19:13:24 +0000] "GET /plans HTTP/1.1" 304 - "http://localhost:4200/customers/edit-customer/5dc11a5903bf2803b71b7fd1" "Mozilla/5.0 (X11; Linux x86_64) AppleWebKit/537.36 (KHTML, like Gecko) Chrome/78.0.3904.70 Safari/537.36"
::1 - - [05/Nov/2019:19:13:24 +0000] "GET /customers/5dc11a5903bf2803b71b7fd1 HTTP/1.1" 200 965 "http://localhost:4200/customers/edit-customer/5dc11a5903bf2803b71b7fd1" "Mozilla/5.0 (X11; Linux x86_64) AppleWebKit/537.36 (KHTML, like Gecko) Chrome/78.0.3904.70 Safari/537.36"
::ffff:127.0.0.1 - - [05/Nov/2019:19:13:25 +0000] "GET /plans HTTP/1.1" 304 - "http://localhost:4200/customers/edit-customer/5dc11a5903bf2803b71b7fce" "Mozilla/5.0 (X11; Linux x86_64; rv:68.0) Gecko/20100101 Firefox/68.0"
::ffff:127.0.0.1 - - [05/Nov/2019:19:13:25 +0000] "GET /packs HTTP/1.1" 304 - "http://localhost:4200/customers/edit-customer/5dc11a5903bf2803b71b7fce" "Mozilla/5.0 (X11; Linux x86_64; rv:68.0) Gecko/20100101 Firefox/68.0"
::ffff:127.0.0.1 - - [05/Nov/2019:19:13:25 +0000] "GET /customers/5dc11a5903bf2803b71b7fce HTTP/1.1" 200 986 "http://localhost:4200/customers/edit-customer/5dc11a5903bf2803b71b7fce" "Mozilla/5.0 (X11; Linux x86_64; rv:68.0) Gecko/20100101 Firefox/68.0"
::ffff:127.0.0.1 - - [05/Nov/2019:19:13:26 +0000] "GET /plans HTTP/1.1" 304 - "http://localhost:4200/customers" "Mozilla/5.0 (X11; Linux x86_64; rv:68.0) Gecko/20100101 Firefox/68.0"
::ffff:127.0.0.1 - - [05/Nov/2019:19:13:28 +0000] "GET /customers HTTP/1.1" 200 179165 "http://localhost:4200/customers" "Mozilla/5.0 (X11; Linux x86_64; rv:68.0) Gecko/20100101 Firefox/68.0"
::1 - - [05/Nov/2019:19:13:38 +0000] "GET /packs HTTP/1.1" 304 - "http://localhost:4200/customers/edit-customer/5dc11a5903bf2803b71b7fd1" "Mozilla/5.0 (X11; Linux x86_64) AppleWebKit/537.36 (KHTML, like Gecko) Chrome/78.0.3904.70 Safari/537.36"
::1 - - [05/Nov/2019:19:13:38 +0000] "GET /plans HTTP/1.1" 304 - "http://localhost:4200/customers/edit-customer/5dc11a5903bf2803b71b7fd1" "Mozilla/5.0 (X11; Linux x86_64) AppleWebKit/537.36 (KHTML, like Gecko) Chrome/78.0.3904.70 Safari/537.36"
::1 - - [05/Nov/2019:19:13:38 +0000] "GET /customers/5dc11a5903bf2803b71b7fd1 HTTP/1.1" 200 965 "http://localhost:4200/customers/edit-customer/5dc11a5903bf2803b71b7fd1" "Mozilla/5.0 (X11; Linux x86_64) AppleWebKit/537.36 (KHTML, like Gecko) Chrome/78.0.3904.70 Safari/537.36"
::1 - - [05/Nov/2019:19:14:29 +0000] "GET /packs HTTP/1.1" 304 - "http://localhost:4200/customers/edit-customer/5dc11a5903bf2803b71b7fd1" "Mozilla/5.0 (X11; Linux x86_64) AppleWebKit/537.36 (KHTML, like Gecko) Chrome/78.0.3904.70 Safari/537.36"
::1 - - [05/Nov/2019:19:14:30 +0000] "GET /plans HTTP/1.1" 304 - "http://localhost:4200/customers/edit-customer/5dc11a5903bf2803b71b7fd1" "Mozilla/5.0 (X11; Linux x86_64) AppleWebKit/537.36 (KHTML, like Gecko) Chrome/78.0.3904.70 Safari/537.36"
::1 - - [05/Nov/2019:19:14:30 +0000] "GET /customers/5dc11a5903bf2803b71b7fd1 HTTP/1.1" 200 965 "http://localhost:4200/customers/edit-customer/5dc11a5903bf2803b71b7fd1" "Mozilla/5.0 (X11; Linux x86_64) AppleWebKit/537.36 (KHTML, like Gecko) Chrome/78.0.3904.70 Safari/537.36"
::ffff:127.0.0.1 - - [05/Nov/2019:19:14:30 +0000] "GET /plans HTTP/1.1" 304 - "http://localhost:4200/customers/edit-customer/5dc11a5903bf2803b71b7fce" "Mozilla/5.0 (X11; Linux x86_64; rv:68.0) Gecko/20100101 Firefox/68.0"
::ffff:127.0.0.1 - - [05/Nov/2019:19:14:30 +0000] "GET /packs HTTP/1.1" 304 - "http://localhost:4200/customers/edit-customer/5dc11a5903bf2803b71b7fce" "Mozilla/5.0 (X11; Linux x86_64; rv:68.0) Gecko/20100101 Firefox/68.0"
::ffff:127.0.0.1 - - [05/Nov/2019:19:14:30 +0000] "GET /customers/5dc11a5903bf2803b71b7fce HTTP/1.1" 200 986 "http://localhost:4200/customers/edit-customer/5dc11a5903bf2803b71b7fce" "Mozilla/5.0 (X11; Linux x86_64; rv:68.0) Gecko/20100101 Firefox/68.0"
::ffff:127.0.0.1 - - [05/Nov/2019:19:14:30 +0000] "GET /plans HTTP/1.1" 304 - "http://localhost:4200/customers" "Mozilla/5.0 (X11; Linux x86_64; rv:68.0) Gecko/20100101 Firefox/68.0"
::ffff:127.0.0.1 - - [05/Nov/2019:19:14:32 +0000] "GET /customers HTTP/1.1" 200 179165 "http://localhost:4200/customers" "Mozilla/5.0 (X11; Linux x86_64; rv:68.0) Gecko/20100101 Firefox/68.0"
::ffff:127.0.0.1 - - [05/Nov/2019:19:14:42 +0000] "GET /plans HTTP/1.1" 304 - "http://localhost:4200/customers/edit-customer/5dc11a5903bf2803b71b7fce" "Mozilla/5.0 (X11; Linux x86_64; rv:68.0) Gecko/20100101 Firefox/68.0"
::ffff:127.0.0.1 - - [05/Nov/2019:19:14:42 +0000] "GET /packs HTTP/1.1" 304 - "http://localhost:4200/customers/edit-customer/5dc11a5903bf2803b71b7fce" "Mozilla/5.0 (X11; Linux x86_64; rv:68.0) Gecko/20100101 Firefox/68.0"
::ffff:127.0.0.1 - - [05/Nov/2019:19:14:42 +0000] "GET /customers/5dc11a5903bf2803b71b7fce HTTP/1.1" 200 986 "http://localhost:4200/customers/edit-customer/5dc11a5903bf2803b71b7fce" "Mozilla/5.0 (X11; Linux x86_64; rv:68.0) Gecko/20100101 Firefox/68.0"
::1 - - [05/Nov/2019:19:14:43 +0000] "GET /plans HTTP/1.1" 304 - "http://localhost:4200/customers/edit-customer/5dc11a5903bf2803b71b7fd1" "Mozilla/5.0 (X11; Linux x86_64) AppleWebKit/537.36 (KHTML, like Gecko) Chrome/78.0.3904.70 Safari/537.36"
::1 - - [05/Nov/2019:19:14:43 +0000] "GET /packs HTTP/1.1" 304 - "http://localhost:4200/customers/edit-customer/5dc11a5903bf2803b71b7fd1" "Mozilla/5.0 (X11; Linux x86_64) AppleWebKit/537.36 (KHTML, like Gecko) Chrome/78.0.3904.70 Safari/537.36"
::1 - - [05/Nov/2019:19:14:43 +0000] "GET /customers/5dc11a5903bf2803b71b7fd1 HTTP/1.1" 200 965 "http://localhost:4200/customers/edit-customer/5dc11a5903bf2803b71b7fd1" "Mozilla/5.0 (X11; Linux x86_64) AppleWebKit/537.36 (KHTML, like Gecko) Chrome/78.0.3904.70 Safari/537.36"
::ffff:127.0.0.1 - - [05/Nov/2019:19:14:43 +0000] "GET /plans HTTP/1.1" 304 - "http://localhost:4200/customers" "Mozilla/5.0 (X11; Linux x86_64; rv:68.0) Gecko/20100101 Firefox/68.0"
::ffff:127.0.0.1 - - [05/Nov/2019:19:14:44 +0000] "GET /customers HTTP/1.1" 200 179165 "http://localhost:4200/customers" "Mozilla/5.0 (X11; Linux x86_64; rv:68.0) Gecko/20100101 Firefox/68.0"
::1 - - [05/Nov/2019:19:15:59 +0000] "GET /packs HTTP/1.1" 304 - "http://localhost:4200/customers/edit-customer/5dc11a5903bf2803b71b7fd1" "Mozilla/5.0 (X11; Linux x86_64) AppleWebKit/537.36 (KHTML, like Gecko) Chrome/78.0.3904.70 Safari/537.36"
::1 - - [05/Nov/2019:19:15:59 +0000] "GET /plans HTTP/1.1" 304 - "http://localhost:4200/customers/edit-customer/5dc11a5903bf2803b71b7fd1" "Mozilla/5.0 (X11; Linux x86_64) AppleWebKit/537.36 (KHTML, like Gecko) Chrome/78.0.3904.70 Safari/537.36"
::1 - - [05/Nov/2019:19:15:59 +0000] "GET /customers/5dc11a5903bf2803b71b7fd1 HTTP/1.1" 200 965 "http://localhost:4200/customers/edit-customer/5dc11a5903bf2803b71b7fd1" "Mozilla/5.0 (X11; Linux x86_64) AppleWebKit/537.36 (KHTML, like Gecko) Chrome/78.0.3904.70 Safari/537.36"
::ffff:127.0.0.1 - - [05/Nov/2019:19:16:00 +0000] "GET /plans HTTP/1.1" 304 - "http://localhost:4200/customers/edit-customer/5dc11a5903bf2803b71b7fce" "Mozilla/5.0 (X11; Linux x86_64; rv:68.0) Gecko/20100101 Firefox/68.0"
::ffff:127.0.0.1 - - [05/Nov/2019:19:16:00 +0000] "GET /packs HTTP/1.1" 304 - "http://localhost:4200/customers/edit-customer/5dc11a5903bf2803b71b7fce" "Mozilla/5.0 (X11; Linux x86_64; rv:68.0) Gecko/20100101 Firefox/68.0"
::ffff:127.0.0.1 - - [05/Nov/2019:19:16:00 +0000] "GET /customers/5dc11a5903bf2803b71b7fce HTTP/1.1" 200 986 "http://localhost:4200/customers/edit-customer/5dc11a5903bf2803b71b7fce" "Mozilla/5.0 (X11; Linux x86_64; rv:68.0) Gecko/20100101 Firefox/68.0"
::ffff:127.0.0.1 - - [05/Nov/2019:19:16:01 +0000] "GET /plans HTTP/1.1" 304 - "http://localhost:4200/customers" "Mozilla/5.0 (X11; Linux x86_64; rv:68.0) Gecko/20100101 Firefox/68.0"
::ffff:127.0.0.1 - - [05/Nov/2019:19:16:01 +0000] "GET /customers HTTP/1.1" 200 179165 "http://localhost:4200/customers" "Mozilla/5.0 (X11; Linux x86_64; rv:68.0) Gecko/20100101 Firefox/68.0"
::1 - - [05/Nov/2019:19:17:11 +0000] "GET /packs HTTP/1.1" 304 - "http://localhost:4200/customers/edit-customer/5dc11a5903bf2803b71b7fd1" "Mozilla/5.0 (X11; Linux x86_64) AppleWebKit/537.36 (KHTML, like Gecko) Chrome/78.0.3904.70 Safari/537.36"
::1 - - [05/Nov/2019:19:17:11 +0000] "GET /plans HTTP/1.1" 304 - "http://localhost:4200/customers/edit-customer/5dc11a5903bf2803b71b7fd1" "Mozilla/5.0 (X11; Linux x86_64) AppleWebKit/537.36 (KHTML, like Gecko) Chrome/78.0.3904.70 Safari/537.36"
::1 - - [05/Nov/2019:19:17:11 +0000] "GET /customers/5dc11a5903bf2803b71b7fd1 HTTP/1.1" 200 965 "http://localhost:4200/customers/edit-customer/5dc11a5903bf2803b71b7fd1" "Mozilla/5.0 (X11; Linux x86_64) AppleWebKit/537.36 (KHTML, like Gecko) Chrome/78.0.3904.70 Safari/537.36"
::ffff:127.0.0.1 - - [05/Nov/2019:19:17:11 +0000] "GET /plans HTTP/1.1" 304 - "http://localhost:4200/customers" "Mozilla/5.0 (X11; Linux x86_64; rv:68.0) Gecko/20100101 Firefox/68.0"
::ffff:127.0.0.1 - - [05/Nov/2019:19:17:12 +0000] "GET /plans HTTP/1.1" 200 1683 "http://localhost:4200/customers/edit-customer/5dc11a5903bf2803b71b7fce" "Mozilla/5.0 (X11; Linux x86_64; rv:68.0) Gecko/20100101 Firefox/68.0"
::ffff:127.0.0.1 - - [05/Nov/2019:19:17:12 +0000] "GET /packs HTTP/1.1" 304 - "http://localhost:4200/customers/edit-customer/5dc11a5903bf2803b71b7fce" "Mozilla/5.0 (X11; Linux x86_64; rv:68.0) Gecko/20100101 Firefox/68.0"
